============================================================================
判据① 同城重复性（同参数连跑两遍，须完全一致）
   [1-1002] 第1次=77 第2次=77 一致=True
   [2-2001] 第1次=365 第2次=365 一致=True
   [99-2] 第1次=2297 第2次=2297 一致=True

判据② 跨省区分度（河北 188/prov=018 vs 北京 110/prov=011）
   [1-1002] 河北188=77 北京110=37 交集=1 仅河北=76 仅北京=36（其中带「北京」字样 35 条）
        北京独有样例：沃方宽标准版300M单宽带五年期2400元（北京）
   [1-1001] 河北188=238 北京110=275 交集=57 仅河北=181 仅北京=218（其中带「北京」字样 142 条）
        北京独有样例：沃家庭套餐移网成员产品

判据⑤ 明细是否受 cityId 门控（决定采集成本）
   用邢台 cityId 拉 2 个雄安专属 id → 返回明细 2 条 ⇒ 明细按 id 解析、不受 cityId 门控

判据③④ 全组合 × 全地市：城市差异 + 并集量化

--- 链路 网页版(m/WT)（22 组合 × 12 地市）
   [1-1001] 套餐/移网               单城=238   并集=243   净增=5
   [1-1002] 套餐/宽带               单城=77    并集=81    净增=4
   [1-1004] 套餐/融合               单城=92    并集=93    净增=1
   [2-2001] 加装包/流量包              单城=365   并集=372   净增=7
   [2-2002] 加装包/短信包              单城=21    并集=29    净增=8
   [2-2003] 加装包/语音包              单城=55    并集=59    净增=4
   [2-2004] 加装包/权益包              单城=840   并集=842   净增=2
   [2-2006] 加装包/其他               单城=164   并集=171   净增=7
   [3-3001] 营销活动/促销               单城=233   并集=240   净增=7
   [99-1] 停售套餐/套餐               单城=533   并集=537   净增=4
   [99-2] 停售套餐/加装包              单城=2286  并集=2364  净增=78
   [99-3] 停售套餐/营销活动             单城=435   并集=438   净增=3
   存在城市差异的组合 12/22 个：套餐/移网、套餐/宽带、套餐/融合、加装包/流量包、加装包/短信包、加装包/语音包、加装包/权益包、加装包/其他、营销活动/促销、停售套餐/套餐、停售套餐/加装包、停售套餐/营销活动
   合计：单城(邢台)三级目录=8991  12城并集=9121  净增=130
   各城专属条目（其他城市都没有）：
      石家庄  10   条  例：群组账户专属1000元1T国内通用流量（石家庄）-立即生效
      唐山   26   条  例：沃派云智30G全国流量包有效期12个月（河北）-立即生效
      秦皇岛  5    条  例：5元50GB国内通用流量包（秦皇岛）-立即生效
      邯郸   1    条  例：联通5G智享上网卡39元2026（河北）
      邢台   3    条  例：1元1300分钟国内通用语音36个月（邢台）-立即生效
      保定   7    条  例：保定理工学院5G随行专网2元10G流量包-48个月（河北）-立即生效
      张家口  7    条  例：张家口康沽50元赠费包-长期（河北）-立即生效
      承德   2    条  例：承德存0赠送150元（分15个月转兑）（河北）（普通版）
      沧州   41   条  例：联通智家5G云智华油专属套餐79元档（河北）
      廊坊   1    条  例：联通智家5G云智套餐金融分期合约优惠200元36个月（河北）-次月生效
      衡水   8    条  例：畅越专用叠加包1元100G-次月生效（河北）
      雄安   10   条  例：200M包1年240元特惠（河北）

--- 链路 APP域(mxx)（22 组合 × 12 地市）
   [1-1001] 套餐/移网               单城=238   并集=243   净增=5
   [1-1002] 套餐/宽带               单城=77    并集=81    净增=4
   [1-1004] 套餐/融合               单城=92    并集=93    净增=1
   [2-2001] 加装包/流量包              单城=365   并集=372   净增=7
   [2-2002] 加装包/短信包              单城=21    并集=29    净增=8
   [2-2003] 加装包/语音包              单城=55    并集=59    净增=4
   [2-2004] 加装包/权益包              单城=840   并集=842   净增=2
   [2-2006] 加装包/其他               单城=164   并集=171   净增=7
   [3-3001] 营销活动/促销               单城=233   并集=240   净增=7
   [99-1] 停售套餐/套餐               单城=533   并集=537   净增=4
   [99-2] 停售套餐/加装包              单城=2286  并集=2364  净增=78
   [99-3] 停售套餐/营销活动             单城=435   并集=438   净增=3
   存在城市差异的组合 12/22 个：套餐/移网、套餐/宽带、套餐/融合、加装包/流量包、加装包/短信包、加装包/语音包、加装包/权益包、加装包/其他、营销活动/促销、停售套餐/套餐、停售套餐/加装包、停售套餐/营销活动
   合计：单城(邢台)三级目录=8991  12城并集=9121  净增=130
   各城专属条目（其他城市都没有）：
      石家庄  10   条  例：群组账户专属1000元1T国内通用流量（石家庄）-立即生效
      唐山   26   条  例：沃派云智30G全国流量包有效期12个月（河北）-立即生效
      秦皇岛  5    条  例：5元50GB国内通用流量包（秦皇岛）-立即生效
      邯郸   1    条  例：联通5G智享上网卡39元2026（河北）
      邢台   3    条  例：1元1300分钟国内通用语音36个月（邢台）-立即生效
      保定   7    条  例：保定理工学院5G随行专网2元10G流量包-48个月（河北）-立即生效
      张家口  7    条  例：张家口康沽50元赠费包-长期（河北）-立即生效
      承德   2    条  例：承德存0赠送150元（分15个月转兑）（河北）（普通版）
      沧州   41   条  例：联通智家5G云智华油专属套餐79元档（河北）
      廊坊   1    条  例：联通智家5G云智套餐金融分期合约优惠200元36个月（河北）-次月生效
      衡水   8    条  例：畅越专用叠加包1元100G-次月生效（河北）
      雄安   10   条  例：200M包1年240元特惠（河北）

saved -> evidence/unicom-city-scope-20260924.json

============================================================================
结论：河北联通资费**按地市不同**（见上「各城专属条目」）。采集须取 12 城并集；明细因按 id 解析可只拉一遍。
