====================================================================================
判据① 骨架完整性（indexData 声明的 一级 × 二级 全集）
   一级 6 个：套餐、加装包、营销活动、港澳台/国际资费、标准资费、停售套餐
   二级组合 22 个：
      [1-1001 ] 套餐 / 移网
      [1-1002 ] 套餐 / 宽带
      [1-1003 ] 套餐 / 固话
      [1-1004 ] 套餐 / 融合
      [2-2001 ] 加装包 / 流量包
      [2-2002 ] 加装包 / 短信包
      [2-2003 ] 加装包 / 语音包
      [2-2004 ] 加装包 / 权益包
      [2-2005 ] 加装包 / 新业务
      [2-2006 ] 加装包 / 其他
      [3-3001 ] 营销活动 / 促销
      [3-3002 ] 营销活动 / 合约
      [4-4001 ] 港澳台/国际资费 / 国际/港澳台加装包
      [4-4002 ] 港澳台/国际资费 / 国际/港澳台移网套餐
      [4-4003 ] 港澳台/国际资费 / 国际/港澳台融合套餐
      [4-4004 ] 港澳台/国际资费 / 国际/港澳台标准资费
      [5-5001 ] 标准资费 / 标准资费
      [99-1    ] 停售套餐 / 套餐
      [99-2    ] 停售套餐 / 加装包
      [99-3    ] 停售套餐 / 营销活动
      [99-4    ] 停售套餐 / 港澳台/国际资费
      [99-5    ] 停售套餐 / 标准资费
   ⚠️ tariffAttributes 取值探测（3/4/5/空 是否也有数据）：
      tariffAttributes=3      → 全部 22 组合合计 0 条  ✅ 确无数据
      tariffAttributes=4      → 全部 22 组合合计 0 条  ✅ 确无数据
      tariffAttributes=5      → 全部 22 组合合计 0 条  ✅ 确无数据
      tariffAttributes=(不传)   → 全部 22 组合合计 0 条  ✅ 确无数据
   板块映射（已用 CDP 抓页面真实请求体证实）：「全国资费」→ tariffAttributes=1 ｜「本省资费」→ tariffAttributes=2

====================================================================================
判据③ 逐格覆盖：22 组合 × 12 地市 × 2 板块
   栏目                              并集(全网/本省)      单城188    净增   有差异的地市数
   套餐/移网                              77/166     77/161      5     2/12
   套餐/宽带                                3/78       3/74      4     2/12
   套餐/固话                                 0/0        0/0      0     0/12
   套餐/融合                                0/93       0/92      1     5/12
   加装包/流量包                            285/87     285/80      7     4/12
   加装包/短信包                              20/9       20/1      8     1/12
   加装包/语音包                             38/21      38/17      4     2/12
   加装包/权益包                            801/41     801/39      2     1/12
   加装包/新业务                           572/120    572/120      0     0/12
   加装包/其他                             100/71     100/64      7     6/12
   营销活动/促销                            94/146     94/139      7     3/12
   营销活动/合约                              0/51       0/51      0     0/12
   港澳台/国际资费/国际/港澳台加装包                  380/0      380/0      0     0/12
   港澳台/国际资费/国际/港澳台移网套餐                   2/0        2/0      0     0/12
   港澳台/国际资费/国际/港澳台融合套餐                   0/0        0/0      0     0/12
   港澳台/国际资费/国际/港澳台标准资费                   0/0        0/0      0     0/12
   标准资费/标准资费                          1903/0     1903/0      0     0/12
   停售套餐/套餐                            78/459     78/454      5    11/12
   停售套餐/加装包                         2005/359   2005/292     67    11/12
   停售套餐/营销活动                         303/135    303/132      3     2/12
   停售套餐/港澳台/国际资费                        42/0       42/0      0     0/12
   停售套餐/标准资费                           582/0      582/0      0     0/12

====================================================================================
判据④ 明细可达性（每个三级目录 id 是否都能拉到明细）
   三级目录 id 并集 = 9121
   分批共 305 批（每批 ≤30 id），失败 0 批
   传入 id 合计 = 9121   返回明细条数(未去重) = 9121   差 = 0
   → ✅ 每个 id 都解析出明细，无缺口
   ⚠️ reportNo 去重后 = 8042（比 id 少 1079）——这是「同一资费挂在多个栏目/板块」的重复挂载，**不是漏**；判据看上面「传入 vs 返回」。

====================================================================================
判据⑤ 阴性/阳性对照（北京 vs 河北 —— 区分「上游无」与「我们查法错」）
   [1-1003] 套餐/固话              北京=2     河北188=0     北京有/河北无 → 河北确实没有（查法正确）
   [1-1001] 套餐/移网              北京=275   河北188=238   两地皆有 → 正常
   [4-4001] 港澳台/加装包            北京=396   河北188=380   两地皆有 → 正常
   [4-4003] 港澳台/融合套餐           北京=0     河北188=0     两地皆 0 → 上游本身无数据
   [4-4004] 港澳台/标准资费           北京=0     河北188=0     两地皆 0 → 上游本身无数据

====================================================================================
结论：栏目 22 个 / 地市 12 个 / 板块 2 个 = 528 格全覆盖
      12 城并集(id 含栏目间重复) = 9121   单城(188) = 9001   净增 = 120
      全空栏目（上游无数据，已用北京对照确认）= ['套餐/固话', '港澳台/国际资费/国际/港澳台融合套餐', '港澳台/国际资费/国际/港澳台标准资费']

saved -> evidence/unicom-coverage-20260924.json
